I'm BCFtools, aka what happened to classic pileup
[mpileup] 1 samples in 1 input files
[mpileup] maximum number of reads per input file set to -d 250
slurmstepd: error: *** JOB 19576073 ON s21n24 CANCELLED AT 2023-06-14T13:48:54 ***
