I'm New SAMtools, aka mpileup
[mpileup] 1 samples in 1 input files
slurmstepd: error: *** JOB 19576077 ON s21n24 CANCELLED AT 2023-06-14T13:48:54 ***
