I'm Old SAMtools, aka classic pileup
slurmstepd: error: *** JOB 19576076 ON s21n24 CANCELLED AT 2023-06-14T13:48:54 ***
